// Jest Snapshot v1, https://goo.gl/fbAQLP

exports[`renders correctly 1`] = `
<View
  style={
    {
      "alignItems": "center",
      "flex": 1,
      "justifyContent": "center",
    }
  }
>
  <View
    style={
      {
        "alignItems": "center",
        "backgroundColor": "red",
        "borderRadius": 50,
        "height": 200,
        "justifyContent": "center",
        "padding": 20,
        "width": 200,
      }
    }
  >
    <Text
      style={
        {
          "alignItems": "center",
          "color": "green",
          "fontSize": 25,
          "fontWeight": "bold",
        }
      }
    >
       Hllo !
    </Text>
  </View>
</View>
`;
